// Vitest Snapshot v1

exports[`PrometheusParser.ts > parse 1`] = `
{
  "go_gc_duration_seconds": Metric {
    "help": "A summary of the pause duration of garbage collection cycles.",
    "metricsValues": [
      MetricValue {
        "count": 0,
        "quantiles": {
          "0": 0,
          "0.25": 0,
          "0.5": 0,
          "0.75": 0,
          "1": 0,
        },
        "sum": 0,
      },
    ],
    "type": "summary",
  },
  "http_request_duration_seconds": Metric {
    "help": "A histogram of the request duration.",
    "metricsValues": [
      MetricValue {
        "$$bucket": {
          "+Inf": 144320,
          "0.05": 24054,
          "0.1": 33444,
          "0.2": 100392,
          "0.5": 129389,
          "1": 133988,
        },
        "count": 144320,
        "sum": 53423,
      },
    ],
    "type": "histogram",
  },
  "http_requests_total": Metric {
    "help": "The total number of HTTP requests.",
    "metricsValues": [
      MetricValue {
        "code": "200",
        "method": "post",
        "value": 1027,
      },
      MetricValue {
        "code": "400",
        "method": "post",
        "value": 3,
      },
    ],
    "type": "counter",
  },
  "metric_without_timestamp_and_labels": Metric {
    "help": "The total number of HTTP requests.",
    "metricsValues": [
      MetricValue {
        "value": 12.47,
      },
    ],
    "type": "counter",
  },
  "msdos_file_access_time_seconds": Metric {
    "help": "",
    "metricsValues": [
      MetricValue {
        "value": 1458255915,
      },
    ],
    "type": "count",
  },
  "rpc_duration_seconds": Metric {
    "help": "A summary of the RPC duration in seconds.",
    "metricsValues": [
      MetricValue {
        "count": 2693,
        "quantiles": {
          "0.01": 3102,
          "0.05": 3272,
          "0.5": 4773,
          "0.9": 9001,
          "0.99": 76656,
        },
        "sum": 17560473,
      },
    ],
    "type": "summary",
  },
  "something_weird": Metric {
    "help": "",
    "metricsValues": [
      MetricValue {
        "value": NaN,
      },
    ],
    "type": "count",
  },
  "thanos_objstore_bucket_operation_duration_seconds": Metric {
    "help": "Duration of successful operations against the bucket",
    "metricsValues": [
      MetricValue {
        "$$bucket": {
          "0.01": 0,
          "0.1": 0,
        },
        "bucket": "thanos",
        "operation": "attributes",
      },
    ],
    "type": "histogram",
  },
}
`;
